// Jest Snapshot v1, https://goo.gl/fbAQLP

exports[`<Balance/> matches the snapshot. 1`] = `
<DocumentFragment>
  <h4>
    Your Balance
  </h4>
  <h1
    class="balance"
  >
    $0.00
  </h1>
</DocumentFragment>
`;
